// Jest Snapshot v1, https://goo.gl/fbAQLP

exports[`PluginIcon should match snapshot 1`] = `
<div
  data-testid="coffee-icon"
>
  Coffee Icon
</div>
`;
